
============================================================
ğŸ“Œ [ì˜¤ë¥˜ ë°œìƒ ì‹œê°]: 2025-02-22 10:53:38
============================================================
ë¼ì´íŠ¸ë£¸ ì—°ê²° í›„, ìœˆë„ìš° íƒìƒ‰ ì‹¤íŒ¨, í¬ì»¤ìŠ¤ë¥¼ ë§ì¶”ì§€ ëª»í•¨í•¨

ğŸ” [Traceback Details]:
Traceback (most recent call last):
  File "C:\Users\USER\Documents\app\lightroom\km-lightroom-controller/src\lightroom\LightroomAutomationThread.py", line 63, in run
    lightroom.wait(
    ~~~~~~~~~~~~~~^
        "exists enabled visible ready", timeout=TIMEOUT_WAIT_LIGHTROOM_VISIBLE
        ^^^^^^^^^^^^^^^^^^^^^^^^^^^^^^^^^^^^^^^^^^^^^^^^^^^^^^^^^^^^^^^^^^^^^^
    )
    ^
  File "c:\Users\USER\Documents\app\lightroom\km-lightroom-controller\myenv\Lib\site-packages\pywinauto\application.py", line 529, in wait
    wait_until(timeout, retry_interval,
    ~~~~~~~~~~^^^^^^^^^^^^^^^^^^^^^^^^^
               lambda: self.__check_all_conditions(check_method_names, retry_interval))
               ^^^^^^^^^^^^^^^^^^^^^^^^^^^^^^^^^^^^^^^^^^^^^^^^^^^^^^^^^^^^^^^^^^^^^^^^
  File "c:\Users\USER\Documents\app\lightroom\km-lightroom-controller\myenv\Lib\site-packages\pywinauto\timings.py", line 375, in wait_until
    raise err
pywinauto.timings.TimeoutError: timed out

============================================================


============================================================
ğŸ“Œ [ì˜¤ë¥˜ ë°œìƒ ì‹œê°]: 2025-02-22 11:00:42
============================================================
ë¼ì´íŠ¸ë£¸ ì—°ê²° í›„, ìœˆë„ìš° íƒìƒ‰ ì‹¤íŒ¨, í¬ì»¤ìŠ¤ë¥¼ ë§ì¶”ì§€ ëª»í•¨, ëª¨ë“  ê³µì§€ ì°½ì„ ë‹«ì•„ì•¼í•¨

ğŸ” [Traceback Details]:
Traceback (most recent call last):
  File "C:\Users\USER\Documents\app\lightroom\km-lightroom-controller/src\lightroom\LightroomAutomationThread.py", line 67, in run
    lightroom.wait(
    ~~~~~~~~~~~~~~^
        "exists enabled visible ready", timeout=TIMEOUT_WAIT_LIGHTROOM_VISIBLE
        ^^^^^^^^^^^^^^^^^^^^^^^^^^^^^^^^^^^^^^^^^^^^^^^^^^^^^^^^^^^^^^^^^^^^^^
    )
    ^
  File "c:\Users\USER\Documents\app\lightroom\km-lightroom-controller\myenv\Lib\site-packages\pywinauto\application.py", line 529, in wait
    wait_until(timeout, retry_interval,
    ~~~~~~~~~~^^^^^^^^^^^^^^^^^^^^^^^^^
               lambda: self.__check_all_conditions(check_method_names, retry_interval))
               ^^^^^^^^^^^^^^^^^^^^^^^^^^^^^^^^^^^^^^^^^^^^^^^^^^^^^^^^^^^^^^^^^^^^^^^^
  File "c:\Users\USER\Documents\app\lightroom\km-lightroom-controller\myenv\Lib\site-packages\pywinauto\timings.py", line 375, in wait_until
    raise err
pywinauto.timings.TimeoutError: timed out

============================================================


============================================================
ğŸ“Œ [ì˜¤ë¥˜ ë°œìƒ ì‹œê°]: 2025-02-22 11:01:08
============================================================
ë¼ì´íŠ¸ë£¸ ì—°ê²° í›„, ìœˆë„ìš° íƒìƒ‰ ì‹¤íŒ¨, í¬ì»¤ìŠ¤ë¥¼ ë§ì¶”ì§€ ëª»í•¨, ëª¨ë“  ê³µì§€ ì°½ì„ ë‹«ì•„ì•¼í•¨

ğŸ” [Traceback Details]:
Traceback (most recent call last):
  File "C:\Users\USER\Documents\app\lightroom\km-lightroom-controller/src\lightroom\LightroomAutomationThread.py", line 67, in run
    lightroom.wait(
    ~~~~~~~~~~~~~~^
        "exists enabled visible ready", timeout=TIMEOUT_WAIT_LIGHTROOM_VISIBLE
        ^^^^^^^^^^^^^^^^^^^^^^^^^^^^^^^^^^^^^^^^^^^^^^^^^^^^^^^^^^^^^^^^^^^^^^
    )
    ^
  File "c:\Users\USER\Documents\app\lightroom\km-lightroom-controller\myenv\Lib\site-packages\pywinauto\application.py", line 529, in wait
    wait_until(timeout, retry_interval,
    ~~~~~~~~~~^^^^^^^^^^^^^^^^^^^^^^^^^
               lambda: self.__check_all_conditions(check_method_names, retry_interval))
               ^^^^^^^^^^^^^^^^^^^^^^^^^^^^^^^^^^^^^^^^^^^^^^^^^^^^^^^^^^^^^^^^^^^^^^^^
  File "c:\Users\USER\Documents\app\lightroom\km-lightroom-controller\myenv\Lib\site-packages\pywinauto\timings.py", line 375, in wait_until
    raise err
pywinauto.timings.TimeoutError: timed out

============================================================


============================================================
ğŸ“Œ [ì˜¤ë¥˜ ë°œìƒ ì‹œê°]: 2025-02-22 11:05:19
============================================================
ì‘ì—…ê´€ë¦¬ì ì‹¤í–‰ìœ¼ë¡œ ì‘ì—… ê°•ì œ ì¤‘ë‹¨

============================================================


============================================================
ğŸ“Œ [ì˜¤ë¥˜ ë°œìƒ ì‹œê°]: 2025-02-22 11:11:46
============================================================
ë¼ì´íŠ¸ë£¸ ì—°ê²° í›„, ìœˆë„ìš° íƒìƒ‰ ì‹¤íŒ¨, í¬ì»¤ìŠ¤ë¥¼ ë§ì¶”ì§€ ëª»í•¨, ëª¨ë“  ê³µì§€ ì°½ì„ ë‹«ì•„ì•¼í•¨

ğŸ” [Traceback Details]:
Traceback (most recent call last):
  File "C:\Users\USER\Documents\app\lightroom\km-lightroom-controller/src\lightroom\LightroomAutomationThread.py", line 68, in run
    close_note_window()
    ~~~~~~~~~~~~~~~~~^^
  File "C:\Users\USER\Documents\app\lightroom\km-lightroom-controller/src\lightroom\note_window_handlers\close_note_window.py", line 27, in close_note_window
    raise RuntimeError(error_message)
RuntimeError: ê³µì§€ ì°½ì„ ë‹«ì„ ìˆ˜ ì—†ìŠµë‹ˆë‹¤. í”„ë¡œê·¸ë¨ì„ ì¤‘ì§€í•©ë‹ˆë‹¤.

============================================================


============================================================
ğŸ“Œ [ì˜¤ë¥˜ ë°œìƒ ì‹œê°]: 2025-02-22 11:14:23
============================================================
ë¼ì´íŠ¸ë£¸ ì—°ê²° í›„, ìœˆë„ìš° íƒìƒ‰ ì‹¤íŒ¨, í¬ì»¤ìŠ¤ë¥¼ ë§ì¶”ì§€ ëª»í•¨, ëª¨ë“  ê³µì§€ ì°½ì„ ë‹«ì•„ì•¼í•¨

ğŸ” [Traceback Details]:
Traceback (most recent call last):
  File "C:\Users\USER\Documents\app\lightroom\km-lightroom-controller/src\lightroom\LightroomAutomationThread.py", line 68, in run
    close_note_window()
    ~~~~~~~~~~~~~~~~~^^
  File "C:\Users\USER\Documents\app\lightroom\km-lightroom-controller/src\lightroom\note_window_handlers\close_note_window.py", line 27, in close_note_window
    raise RuntimeError(error_message)
RuntimeError: ê³µì§€ ì°½ì„ ë‹«ì„ ìˆ˜ ì—†ìŠµë‹ˆë‹¤. í”„ë¡œê·¸ë¨ì„ ì¤‘ì§€í•©ë‹ˆë‹¤.

============================================================


============================================================
ğŸ“Œ [ì˜¤ë¥˜ ë°œìƒ ì‹œê°]: 2025-02-22 11:14:49
============================================================
ë¼ì´íŠ¸ë£¸ ì—°ê²° í›„, ìœˆë„ìš° íƒìƒ‰ ì‹¤íŒ¨, í¬ì»¤ìŠ¤ë¥¼ ë§ì¶”ì§€ ëª»í•¨, ëª¨ë“  ê³µì§€ ì°½ì„ ë‹«ì•„ì•¼í•¨

ğŸ” [Traceback Details]:
Traceback (most recent call last):
  File "C:\Users\USER\Documents\app\lightroom\km-lightroom-controller/src\lightroom\LightroomAutomationThread.py", line 68, in run
    close_note_window()
    ~~~~~~~~~~~~~~~~~^^
  File "C:\Users\USER\Documents\app\lightroom\km-lightroom-controller/src\lightroom\note_window_handlers\close_note_window.py", line 27, in close_note_window
    raise RuntimeError(error_message)
RuntimeError: ê³µì§€ ì°½ì„ ë‹«ì„ ìˆ˜ ì—†ìŠµë‹ˆë‹¤. í”„ë¡œê·¸ë¨ì„ ì¤‘ì§€í•©ë‹ˆë‹¤.

============================================================


============================================================
ğŸ“Œ [ì˜¤ë¥˜ ë°œìƒ ì‹œê°]: 2025-02-22 11:18:34
============================================================
ë¼ì´íŠ¸ë£¸ ì—°ê²° í›„, ìœˆë„ìš° íƒìƒ‰ ì‹¤íŒ¨, í¬ì»¤ìŠ¤ë¥¼ ë§ì¶”ì§€ ëª»í•¨, ëª¨ë“  ê³µì§€ ì°½ì„ ë‹«ì•„ì•¼í•¨

ğŸ” [Traceback Details]:
Traceback (most recent call last):
  File "C:\Users\USER\Documents\app\lightroom\km-lightroom-controller/src\lightroom\LightroomAutomationThread.py", line 71, in run
    lightroom.wait(
    ~~~~~~~~~~~~~~^
        "exists enabled visible ready", timeout=TIMEOUT_WAIT_LIGHTROOM_VISIBLE
        ^^^^^^^^^^^^^^^^^^^^^^^^^^^^^^^^^^^^^^^^^^^^^^^^^^^^^^^^^^^^^^^^^^^^^^
    )
    ^
  File "c:\Users\USER\Documents\app\lightroom\km-lightroom-controller\myenv\Lib\site-packages\pywinauto\application.py", line 529, in wait
    wait_until(timeout, retry_interval,
    ~~~~~~~~~~^^^^^^^^^^^^^^^^^^^^^^^^^
               lambda: self.__check_all_conditions(check_method_names, retry_interval))
               ^^^^^^^^^^^^^^^^^^^^^^^^^^^^^^^^^^^^^^^^^^^^^^^^^^^^^^^^^^^^^^^^^^^^^^^^
  File "c:\Users\USER\Documents\app\lightroom\km-lightroom-controller\myenv\Lib\site-packages\pywinauto\timings.py", line 375, in wait_until
    raise err
pywinauto.timings.TimeoutError: timed out

============================================================


============================================================
ğŸ“Œ [ì˜¤ë¥˜ ë°œìƒ ì‹œê°]: 2025-02-26 12:49:14
============================================================
ì‘ì—…ê´€ë¦¬ì ì‹¤í–‰ìœ¼ë¡œ ì‘ì—… ê°•ì œ ì¤‘ë‹¨

============================================================


============================================================
ğŸ“Œ [ì˜¤ë¥˜ ë°œìƒ ì‹œê°]: 2025-02-26 12:49:15
============================================================
ë¼ì´íŠ¸ë£¸ ì—°ê²° ì‹¤íŒ¨

ğŸ” [Traceback Details]:
Traceback (most recent call last):
  File "c:\Users\USER\Documents\code\lightroom\main\km-lightroom-controller\myenv\Lib\site-packages\pywinauto\timings.py", line 436, in wait_until_passes
    func_val = func(*args, **kwargs)
  File "c:\Users\USER\Documents\code\lightroom\main\km-lightroom-controller\myenv\Lib\site-packages\pywinauto\findwindows.py", line 87, in find_element
    raise ElementNotFoundError(kwargs)
pywinauto.findwindows.ElementNotFoundError: {'title_re': '.*Lightroom Classic.*', 'backend': 'uia', 'visible_only': False}

During handling of the above exception, another exception occurred:

Traceback (most recent call last):
  File "C:\Users\USER\Documents\code\lightroom\main\km-lightroom-controller/src\lightroom\LightroomAutomationThread.py", line 58, in run
    app = Application(backend="uia").connect(
        title_re=".*Lightroom Classic.*", timeout=TIMEOUT_CONNECT_LIGHTROOM
    )
  File "c:\Users\USER\Documents\code\lightroom\main\km-lightroom-controller\myenv\Lib\site-packages\pywinauto\application.py", line 990, in connect
    self.process = timings.wait_until_passes(
                   ~~~~~~~~~~~~~~~~~~~~~~~~~^
            timeout, retry_interval, findwindows.find_element,
            ^^^^^^^^^^^^^^^^^^^^^^^^^^^^^^^^^^^^^^^^^^^^^^^^^^
    ...<2 lines>...
            *(), **kwargs
            ^^^^^^^^^^^^^
        ).process_id
        ^
  File "c:\Users\USER\Documents\code\lightroom\main\km-lightroom-controller\myenv\Lib\site-packages\pywinauto\timings.py", line 458, in wait_until_passes
    raise err
pywinauto.timings.TimeoutError

============================================================


============================================================
ğŸ“Œ [ì˜¤ë¥˜ ë°œìƒ ì‹œê°]: 2025-02-26 12:50:12
============================================================
ì‘ì—…ê´€ë¦¬ì ì‹¤í–‰ìœ¼ë¡œ ì‘ì—… ê°•ì œ ì¤‘ë‹¨

============================================================


============================================================
ğŸ“Œ [ì˜¤ë¥˜ ë°œìƒ ì‹œê°]: 2025-02-26 12:55:30
============================================================
ì‘ì—…ê´€ë¦¬ì ì‹¤í–‰ìœ¼ë¡œ ì‘ì—… ê°•ì œ ì¤‘ë‹¨

============================================================


============================================================
ğŸ“Œ [ì˜¤ë¥˜ ë°œìƒ ì‹œê°]: 2025-02-26 13:23:59
============================================================
ì‘ì—…ê´€ë¦¬ì ì‹¤í–‰ìœ¼ë¡œ ì‘ì—… ê°•ì œ ì¤‘ë‹¨

============================================================


============================================================
ğŸ“Œ [ì˜¤ë¥˜ ë°œìƒ ì‹œê°]: 2025-02-26 13:24:21
============================================================
ì‘ì—…ê´€ë¦¬ì ì‹¤í–‰ìœ¼ë¡œ ì‘ì—… ê°•ì œ ì¤‘ë‹¨

============================================================


============================================================
ğŸ“Œ [ì˜¤ë¥˜ ë°œìƒ ì‹œê°]: 2025-02-26 13:39:44
============================================================
ì‘ì—…ê´€ë¦¬ì ì‹¤í–‰ìœ¼ë¡œ ì‘ì—… ê°•ì œ ì¤‘ë‹¨

============================================================


============================================================
ğŸ“Œ [ì˜¤ë¥˜ ë°œìƒ ì‹œê°]: 2025-02-26 13:40:54
============================================================
ì‘ì—…ê´€ë¦¬ì ì‹¤í–‰ìœ¼ë¡œ ì‘ì—… ê°•ì œ ì¤‘ë‹¨

============================================================


============================================================
ğŸ“Œ [ì˜¤ë¥˜ ë°œìƒ ì‹œê°]: 2025-02-26 13:46:59
============================================================
ì‘ì—…ê´€ë¦¬ì ì‹¤í–‰ìœ¼ë¡œ ì‘ì—… ê°•ì œ ì¤‘ë‹¨

============================================================


============================================================
ğŸ“Œ [ì˜¤ë¥˜ ë°œìƒ ì‹œê°]: 2025-02-26 13:52:00
============================================================
ì‘ì—…ê´€ë¦¬ì ì‹¤í–‰ìœ¼ë¡œ ì‘ì—… ê°•ì œ ì¤‘ë‹¨

============================================================


============================================================
ğŸ“Œ [ì˜¤ë¥˜ ë°œìƒ ì‹œê°]: 2025-02-26 14:50:42
============================================================
ì‘ì—…ê´€ë¦¬ì ì‹¤í–‰ìœ¼ë¡œ ì‘ì—… ê°•ì œ ì¤‘ë‹¨

============================================================


============================================================
ğŸ“Œ [ì˜¤ë¥˜ ë°œìƒ ì‹œê°]: 2025-02-26 14:50:44
============================================================
ë¼ì´íŠ¸ë£¸ ì—°ê²° ì‹¤íŒ¨

ğŸ” [Traceback Details]:
Traceback (most recent call last):
  File "c:\Users\USER\Documents\code\lightroom\main\km-lightroom-controller\myenv\Lib\site-packages\pywinauto\timings.py", line 436, in wait_until_passes
    func_val = func(*args, **kwargs)
  File "c:\Users\USER\Documents\code\lightroom\main\km-lightroom-controller\myenv\Lib\site-packages\pywinauto\findwindows.py", line 87, in find_element
    raise ElementNotFoundError(kwargs)
pywinauto.findwindows.ElementNotFoundError: {'title_re': '.*Lightroom Classic.*', 'backend': 'uia', 'visible_only': False}

During handling of the above exception, another exception occurred:

Traceback (most recent call last):
  File "C:\Users\USER\Documents\code\lightroom\main\km-lightroom-controller/src\lightroom\LightroomAutomationThread.py", line 58, in run
    app = Application(backend="uia").connect(
        title_re=".*Lightroom Classic.*", timeout=TIMEOUT_CONNECT_LIGHTROOM
    )
  File "c:\Users\USER\Documents\code\lightroom\main\km-lightroom-controller\myenv\Lib\site-packages\pywinauto\application.py", line 990, in connect
    self.process = timings.wait_until_passes(
                   ~~~~~~~~~~~~~~~~~~~~~~~~~^
            timeout, retry_interval, findwindows.find_element,
            ^^^^^^^^^^^^^^^^^^^^^^^^^^^^^^^^^^^^^^^^^^^^^^^^^^
    ...<2 lines>...
            *(), **kwargs
            ^^^^^^^^^^^^^
        ).process_id
        ^
  File "c:\Users\USER\Documents\code\lightroom\main\km-lightroom-controller\myenv\Lib\site-packages\pywinauto\timings.py", line 458, in wait_until_passes
    raise err
pywinauto.timings.TimeoutError

============================================================


============================================================
ğŸ“Œ [ì˜¤ë¥˜ ë°œìƒ ì‹œê°]: 2025-02-26 14:51:47
============================================================
ë¼ì´íŠ¸ë£¸ ì—°ê²° ì‹¤íŒ¨

ğŸ” [Traceback Details]:
Traceback (most recent call last):
  File "c:\Users\USER\Documents\code\lightroom\main\km-lightroom-controller\myenv\Lib\site-packages\pywinauto\timings.py", line 436, in wait_until_passes
    func_val = func(*args, **kwargs)
  File "c:\Users\USER\Documents\code\lightroom\main\km-lightroom-controller\myenv\Lib\site-packages\pywinauto\findwindows.py", line 87, in find_element
    raise ElementNotFoundError(kwargs)
pywinauto.findwindows.ElementNotFoundError: {'title_re': '.*Lightroom Classic.*', 'backend': 'uia', 'visible_only': False}

During handling of the above exception, another exception occurred:

Traceback (most recent call last):
  File "C:\Users\USER\Documents\code\lightroom\main\km-lightroom-controller/src\lightroom\LightroomAutomationThread.py", line 58, in run
    app = Application(backend="uia").connect(
        title_re=".*Lightroom Classic.*", timeout=TIMEOUT_CONNECT_LIGHTROOM
    )
  File "c:\Users\USER\Documents\code\lightroom\main\km-lightroom-controller\myenv\Lib\site-packages\pywinauto\application.py", line 990, in connect
    self.process = timings.wait_until_passes(
                   ~~~~~~~~~~~~~~~~~~~~~~~~~^
            timeout, retry_interval, findwindows.find_element,
            ^^^^^^^^^^^^^^^^^^^^^^^^^^^^^^^^^^^^^^^^^^^^^^^^^^
    ...<2 lines>...
            *(), **kwargs
            ^^^^^^^^^^^^^
        ).process_id
        ^
  File "c:\Users\USER\Documents\code\lightroom\main\km-lightroom-controller\myenv\Lib\site-packages\pywinauto\timings.py", line 458, in wait_until_passes
    raise err
pywinauto.timings.TimeoutError

============================================================


============================================================
ğŸ“Œ [ì˜¤ë¥˜ ë°œìƒ ì‹œê°]: 2025-02-26 14:59:39
============================================================
ë¼ì´íŠ¸ë£¸ ì—°ê²° í›„, ìœˆë„ìš° íƒìƒ‰ ì‹¤íŒ¨, í¬ì»¤ìŠ¤ë¥¼ ë§ì¶”ì§€ ëª»í•¨, ëª¨ë“  ê³µì§€ ì°½ì„ ë‹«ì•„ì•¼í•¨

ğŸ” [Traceback Details]:
Traceback (most recent call last):
  File "C:\Users\USER\Documents\code\lightroom\main\km-lightroom-controller/src\lightroom\LightroomAutomationThread.py", line 71, in run
    lightroom.wait(
    ~~~~~~~~~~~~~~^
        "exists enabled visible ready", timeout=TIMEOUT_WAIT_LIGHTROOM_VISIBLE
        ^^^^^^^^^^^^^^^^^^^^^^^^^^^^^^^^^^^^^^^^^^^^^^^^^^^^^^^^^^^^^^^^^^^^^^
    )
    ^
  File "c:\Users\USER\Documents\code\lightroom\main\km-lightroom-controller\myenv\Lib\site-packages\pywinauto\application.py", line 529, in wait
    wait_until(timeout, retry_interval,
    ~~~~~~~~~~^^^^^^^^^^^^^^^^^^^^^^^^^
               lambda: self.__check_all_conditions(check_method_names, retry_interval))
               ^^^^^^^^^^^^^^^^^^^^^^^^^^^^^^^^^^^^^^^^^^^^^^^^^^^^^^^^^^^^^^^^^^^^^^^^
  File "c:\Users\USER\Documents\code\lightroom\main\km-lightroom-controller\myenv\Lib\site-packages\pywinauto\timings.py", line 375, in wait_until
    raise err
pywinauto.timings.TimeoutError: timed out

============================================================

